// Jest Snapshot v1, https://goo.gl/fbAQLP

exports[`matches snapshot 1`] = `
<button
  className="rounded-full text-white px-2 py-1 mb-1 align-middle w-1/2 self-center shadow-sm"
  data-testid="button"
  type="button"
>
  OK
</button>
`;
